# serializer version: 1
# name: test_inmobiliaria_fixture_full_parse_golden_snapshot
  dict({
    'dialect': 'postgres',
    'hash': None,
    'tables': list([
      dict({
        'checks': list([
        ]),
        'columns': list([
          dict({
            'checks': list([
            ]),
            'comment': None,
            'default': None,
            'enum_values': None,
            'generated': False,
            'name': 'id',
            'nullable': False,
            'type': dict({
              'autoincrement': True,
              'bits': 32,
              'kind': 'integer',
              'length': None,
              'precision': None,
              'scale': None,
              'with_timezone': None,
            }),
          }),
          dict({
            'checks': list([
            ]),
            'comment': None,
            'default': None,
            'enum_values': None,
            'generated': False,
            'name': 'nombre',
            'nullable': False,
            'type': dict({
              'autoincrement': False,
              'bits': None,
              'kind': 'text',
              'length': None,
              'precision': None,
              'scale': None,
              'with_timezone': None,
            }),
          }),
          dict({
            'checks': list([
            ]),
            'comment': None,
            'default': None,
            'enum_values': None,
            'generated': False,
            'name': 'email',
            'nullable': False,
            'type': dict({
              'autoincrement': False,
              'bits': None,
              'kind': 'text',
              'length': None,
              'precision': None,
              'scale': None,
              'with_timezone': None,
            }),
          }),
          dict({
            'checks': list([
            ]),
            'comment': None,
            'default': None,
            'enum_values': None,
            'generated': False,
            'name': 'fecha_alta',
            'nullable': False,
            'type': dict({
              'autoincrement': False,
              'bits': None,
              'kind': 'date',
              'length': None,
              'precision': None,
              'scale': None,
              'with_timezone': None,
            }),
          }),
        ]),
        'comment': None,
        'foreign_keys': list([
        ]),
        'kind': 'regular',
        'name': 'clientes',
        'primary_key': list([
          'id',
        ]),
        'schema': None,
        'uniques': list([
        ]),
      }),
      dict({
        'checks': list([
        ]),
        'columns': list([
          dict({
            'checks': list([
            ]),
            'comment': None,
            'default': None,
            'enum_values': None,
            'generated': False,
            'name': 'id',
            'nullable': False,
            'type': dict({
              'autoincrement': True,
              'bits': 32,
              'kind': 'integer',
              'length': None,
              'precision': None,
              'scale': None,
              'with_timezone': None,
            }),
          }),
          dict({
            'checks': list([
            ]),
            'comment': None,
            'default': None,
            'enum_values': None,
            'generated': False,
            'name': 'direccion',
            'nullable': False,
            'type': dict({
              'autoincrement': False,
              'bits': None,
              'kind': 'text',
              'length': None,
              'precision': None,
              'scale': None,
              'with_timezone': None,
            }),
          }),
          dict({
            'checks': list([
            ]),
            'comment': None,
            'default': None,
            'enum_values': None,
            'generated': False,
            'name': 'tipo',
            'nullable': False,
            'type': dict({
              'autoincrement': False,
              'bits': None,
              'kind': 'text',
              'length': None,
              'precision': None,
              'scale': None,
              'with_timezone': None,
            }),
          }),
          dict({
            'checks': list([
            ]),
            'comment': None,
            'default': None,
            'enum_values': None,
            'generated': False,
            'name': 'superficie_m2',
            'nullable': False,
            'type': dict({
              'autoincrement': False,
              'bits': None,
              'kind': 'numeric',
              'length': None,
              'precision': 7,
              'scale': 2,
              'with_timezone': None,
            }),
          }),
          dict({
            'checks': list([
            ]),
            'comment': None,
            'default': None,
            'enum_values': None,
            'generated': False,
            'name': 'anio_construccion',
            'nullable': False,
            'type': dict({
              'autoincrement': False,
              'bits': 32,
              'kind': 'integer',
              'length': None,
              'precision': None,
              'scale': None,
              'with_timezone': None,
            }),
          }),
          dict({
            'checks': list([
            ]),
            'comment': None,
            'default': None,
            'enum_values': None,
            'generated': False,
            'name': 'propietario_id',
            'nullable': False,
            'type': dict({
              'autoincrement': False,
              'bits': 32,
              'kind': 'integer',
              'length': None,
              'precision': None,
              'scale': None,
              'with_timezone': None,
            }),
          }),
        ]),
        'comment': None,
        'foreign_keys': list([
        ]),
        'kind': 'regular',
        'name': 'viviendas',
        'primary_key': list([
          'id',
        ]),
        'schema': None,
        'uniques': list([
        ]),
      }),
      dict({
        'checks': list([
        ]),
        'columns': list([
          dict({
            'checks': list([
            ]),
            'comment': None,
            'default': None,
            'enum_values': None,
            'generated': False,
            'name': 'id',
            'nullable': False,
            'type': dict({
              'autoincrement': True,
              'bits': 32,
              'kind': 'integer',
              'length': None,
              'precision': None,
              'scale': None,
              'with_timezone': None,
            }),
          }),
          dict({
            'checks': list([
            ]),
            'comment': None,
            'default': None,
            'enum_values': None,
            'generated': False,
            'name': 'vivienda_id',
            'nullable': False,
            'type': dict({
              'autoincrement': False,
              'bits': 32,
              'kind': 'integer',
              'length': None,
              'precision': None,
              'scale': None,
              'with_timezone': None,
            }),
          }),
          dict({
            'checks': list([
            ]),
            'comment': None,
            'default': None,
            'enum_values': None,
            'generated': False,
            'name': 'comprador_id',
            'nullable': False,
            'type': dict({
              'autoincrement': False,
              'bits': 32,
              'kind': 'integer',
              'length': None,
              'precision': None,
              'scale': None,
              'with_timezone': None,
            }),
          }),
          dict({
            'checks': list([
            ]),
            'comment': None,
            'default': None,
            'enum_values': None,
            'generated': False,
            'name': 'fecha',
            'nullable': False,
            'type': dict({
              'autoincrement': False,
              'bits': None,
              'kind': 'date',
              'length': None,
              'precision': None,
              'scale': None,
              'with_timezone': None,
            }),
          }),
          dict({
            'checks': list([
            ]),
            'comment': None,
            'default': None,
            'enum_values': None,
            'generated': False,
            'name': 'precio',
            'nullable': False,
            'type': dict({
              'autoincrement': False,
              'bits': None,
              'kind': 'numeric',
              'length': None,
              'precision': 12,
              'scale': 2,
              'with_timezone': None,
            }),
          }),
        ]),
        'comment': None,
        'foreign_keys': list([
        ]),
        'kind': 'regular',
        'name': 'compraventas',
        'primary_key': list([
          'id',
        ]),
        'schema': None,
        'uniques': list([
        ]),
      }),
      dict({
        'checks': list([
        ]),
        'columns': list([
          dict({
            'checks': list([
            ]),
            'comment': None,
            'default': None,
            'enum_values': None,
            'generated': False,
            'name': 'id',
            'nullable': False,
            'type': dict({
              'autoincrement': True,
              'bits': 32,
              'kind': 'integer',
              'length': None,
              'precision': None,
              'scale': None,
              'with_timezone': None,
            }),
          }),
          dict({
            'checks': list([
            ]),
            'comment': None,
            'default': None,
            'enum_values': None,
            'generated': False,
            'name': 'compraventa_id',
            'nullable': False,
            'type': dict({
              'autoincrement': False,
              'bits': 32,
              'kind': 'integer',
              'length': None,
              'precision': None,
              'scale': None,
              'with_timezone': None,
            }),
          }),
          dict({
            'checks': list([
            ]),
            'comment': None,
            'default': None,
            'enum_values': None,
            'generated': False,
            'name': 'num_plazo',
            'nullable': False,
            'type': dict({
              'autoincrement': False,
              'bits': 32,
              'kind': 'integer',
              'length': None,
              'precision': None,
              'scale': None,
              'with_timezone': None,
            }),
          }),
          dict({
            'checks': list([
            ]),
            'comment': None,
            'default': None,
            'enum_values': None,
            'generated': False,
            'name': 'fecha',
            'nullable': False,
            'type': dict({
              'autoincrement': False,
              'bits': None,
              'kind': 'date',
              'length': None,
              'precision': None,
              'scale': None,
              'with_timezone': None,
            }),
          }),
          dict({
            'checks': list([
            ]),
            'comment': None,
            'default': None,
            'enum_values': None,
            'generated': False,
            'name': 'importe',
            'nullable': False,
            'type': dict({
              'autoincrement': False,
              'bits': None,
              'kind': 'numeric',
              'length': None,
              'precision': 12,
              'scale': 2,
              'with_timezone': None,
            }),
          }),
        ]),
        'comment': None,
        'foreign_keys': list([
        ]),
        'kind': 'regular',
        'name': 'pagos',
        'primary_key': list([
          'id',
        ]),
        'schema': None,
        'uniques': list([
        ]),
      }),
    ]),
    'warnings': list([
      'tabla clientes, columna email: restricción UNIQUE no soportada todavía; se ignora (ver docs/limitations.md)',
      'tabla viviendas, columna tipo: restricción CHECK no soportada todavía; se ignora (ver docs/limitations.md)',
      'tabla viviendas, columna superficie_m2: restricción CHECK no soportada todavía; se ignora (ver docs/limitations.md)',
      'tabla viviendas, columna anio_construccion: restricción CHECK no soportada todavía; se ignora (ver docs/limitations.md)',
      'tabla viviendas, columna propietario_id: restricción FOREIGN KEY (REFERENCES) no soportada todavía; se ignora (ver docs/limitations.md)',
      'tabla compraventas, columna vivienda_id: restricción FOREIGN KEY (REFERENCES) no soportada todavía; se ignora (ver docs/limitations.md)',
      'tabla compraventas, columna comprador_id: restricción FOREIGN KEY (REFERENCES) no soportada todavía; se ignora (ver docs/limitations.md)',
      'tabla compraventas, columna precio: restricción CHECK no soportada todavía; se ignora (ver docs/limitations.md)',
      'tabla pagos, columna compraventa_id: restricción FOREIGN KEY (REFERENCES) no soportada todavía; se ignora (ver docs/limitations.md)',
      'tabla pagos, columna importe: restricción CHECK no soportada todavía; se ignora (ver docs/limitations.md)',
      'tabla pagos: restricción de tabla UNIQUE no soportada todavía; se ignora (ver docs/limitations.md)',
    ]),
  })
# ---
