# serializer version: 1
# name: test_inmobiliaria_fixture_full_parse_golden_snapshot
  dict({
    'dialect': 'postgres',
    'hash': None,
    'tables': list([
      dict({
        'checks': list([
        ]),
        'columns': list([
          dict({
            'checks': list([
            ]),
            'comment': None,
            'default': None,
            'enum_values': None,
            'generated': False,
            'name': 'id',
            'nullable': False,
            'type': dict({
              'autoincrement': True,
              'bits': 32,
              'kind': 'integer',
              'length': None,
              'precision': None,
              'scale': None,
              'with_timezone': None,
            }),
          }),
          dict({
            'checks': list([
            ]),
            'comment': None,
            'default': None,
            'enum_values': None,
            'generated': False,
            'name': 'nombre',
            'nullable': False,
            'type': dict({
              'autoincrement': False,
              'bits': None,
              'kind': 'text',
              'length': None,
              'precision': None,
              'scale': None,
              'with_timezone': None,
            }),
          }),
          dict({
            'checks': list([
            ]),
            'comment': None,
            'default': None,
            'enum_values': None,
            'generated': False,
            'name': 'email',
            'nullable': False,
            'type': dict({
              'autoincrement': False,
              'bits': None,
              'kind': 'text',
              'length': None,
              'precision': None,
              'scale': None,
              'with_timezone': None,
            }),
          }),
          dict({
            'checks': list([
            ]),
            'comment': None,
            'default': None,
            'enum_values': None,
            'generated': False,
            'name': 'fecha_alta',
            'nullable': False,
            'type': dict({
              'autoincrement': False,
              'bits': None,
              'kind': 'date',
              'length': None,
              'precision': None,
              'scale': None,
              'with_timezone': None,
            }),
          }),
        ]),
        'comment': None,
        'foreign_keys': list([
        ]),
        'kind': 'regular',
        'name': 'clientes',
        'primary_key': list([
          'id',
        ]),
        'schema': None,
        'uniques': list([
          list([
            'email',
          ]),
        ]),
      }),
      dict({
        'checks': list([
        ]),
        'columns': list([
          dict({
            'checks': list([
            ]),
            'comment': None,
            'default': None,
            'enum_values': None,
            'generated': False,
            'name': 'id',
            'nullable': False,
            'type': dict({
              'autoincrement': True,
              'bits': 32,
              'kind': 'integer',
              'length': None,
              'precision': None,
              'scale': None,
              'with_timezone': None,
            }),
          }),
          dict({
            'checks': list([
            ]),
            'comment': None,
            'default': None,
            'enum_values': None,
            'generated': False,
            'name': 'direccion',
            'nullable': False,
            'type': dict({
              'autoincrement': False,
              'bits': None,
              'kind': 'text',
              'length': None,
              'precision': None,
              'scale': None,
              'with_timezone': None,
            }),
          }),
          dict({
            'checks': list([
              dict({
                'ast_supported': False,
                'bounds_derived': None,
                'columns_involved': list([
                  'tipo',
                ]),
                'sql_text': "tipo IN ('piso', 'chalet', 'adosado')",
              }),
            ]),
            'comment': None,
            'default': None,
            'enum_values': None,
            'generated': False,
            'name': 'tipo',
            'nullable': False,
            'type': dict({
              'autoincrement': False,
              'bits': None,
              'kind': 'text',
              'length': None,
              'precision': None,
              'scale': None,
              'with_timezone': None,
            }),
          }),
          dict({
            'checks': list([
              dict({
                'ast_supported': False,
                'bounds_derived': None,
                'columns_involved': list([
                  'superficie_m2',
                ]),
                'sql_text': 'superficie_m2 > 0',
              }),
            ]),
            'comment': None,
            'default': None,
            'enum_values': None,
            'generated': False,
            'name': 'superficie_m2',
            'nullable': False,
            'type': dict({
              'autoincrement': False,
              'bits': None,
              'kind': 'numeric',
              'length': None,
              'precision': 7,
              'scale': 2,
              'with_timezone': None,
            }),
          }),
          dict({
            'checks': list([
              dict({
                'ast_supported': False,
                'bounds_derived': None,
                'columns_involved': list([
                  'anio_construccion',
                ]),
                'sql_text': 'anio_construccion BETWEEN 1900 AND 2026',
              }),
            ]),
            'comment': None,
            'default': None,
            'enum_values': None,
            'generated': False,
            'name': 'anio_construccion',
            'nullable': False,
            'type': dict({
              'autoincrement': False,
              'bits': 32,
              'kind': 'integer',
              'length': None,
              'precision': None,
              'scale': None,
              'with_timezone': None,
            }),
          }),
          dict({
            'checks': list([
            ]),
            'comment': None,
            'default': None,
            'enum_values': None,
            'generated': False,
            'name': 'propietario_id',
            'nullable': False,
            'type': dict({
              'autoincrement': False,
              'bits': 32,
              'kind': 'integer',
              'length': None,
              'precision': None,
              'scale': None,
              'with_timezone': None,
            }),
          }),
        ]),
        'comment': None,
        'foreign_keys': list([
          dict({
            'cardinality_hint': None,
            'columns': list([
              'propietario_id',
            ]),
            'deferrable': False,
            'nullable': False,
            'on_delete': None,
            'on_update': None,
            'ref_columns': list([
              'id',
            ]),
            'ref_table': 'clientes',
          }),
        ]),
        'kind': 'regular',
        'name': 'viviendas',
        'primary_key': list([
          'id',
        ]),
        'schema': None,
        'uniques': list([
        ]),
      }),
      dict({
        'checks': list([
        ]),
        'columns': list([
          dict({
            'checks': list([
            ]),
            'comment': None,
            'default': None,
            'enum_values': None,
            'generated': False,
            'name': 'id',
            'nullable': False,
            'type': dict({
              'autoincrement': True,
              'bits': 32,
              'kind': 'integer',
              'length': None,
              'precision': None,
              'scale': None,
              'with_timezone': None,
            }),
          }),
          dict({
            'checks': list([
            ]),
            'comment': None,
            'default': None,
            'enum_values': None,
            'generated': False,
            'name': 'vivienda_id',
            'nullable': False,
            'type': dict({
              'autoincrement': False,
              'bits': 32,
              'kind': 'integer',
              'length': None,
              'precision': None,
              'scale': None,
              'with_timezone': None,
            }),
          }),
          dict({
            'checks': list([
            ]),
            'comment': None,
            'default': None,
            'enum_values': None,
            'generated': False,
            'name': 'comprador_id',
            'nullable': False,
            'type': dict({
              'autoincrement': False,
              'bits': 32,
              'kind': 'integer',
              'length': None,
              'precision': None,
              'scale': None,
              'with_timezone': None,
            }),
          }),
          dict({
            'checks': list([
            ]),
            'comment': None,
            'default': None,
            'enum_values': None,
            'generated': False,
            'name': 'fecha',
            'nullable': False,
            'type': dict({
              'autoincrement': False,
              'bits': None,
              'kind': 'date',
              'length': None,
              'precision': None,
              'scale': None,
              'with_timezone': None,
            }),
          }),
          dict({
            'checks': list([
              dict({
                'ast_supported': False,
                'bounds_derived': None,
                'columns_involved': list([
                  'precio',
                ]),
                'sql_text': 'precio > 0',
              }),
            ]),
            'comment': None,
            'default': None,
            'enum_values': None,
            'generated': False,
            'name': 'precio',
            'nullable': False,
            'type': dict({
              'autoincrement': False,
              'bits': None,
              'kind': 'numeric',
              'length': None,
              'precision': 12,
              'scale': 2,
              'with_timezone': None,
            }),
          }),
        ]),
        'comment': None,
        'foreign_keys': list([
          dict({
            'cardinality_hint': None,
            'columns': list([
              'vivienda_id',
            ]),
            'deferrable': False,
            'nullable': False,
            'on_delete': None,
            'on_update': None,
            'ref_columns': list([
              'id',
            ]),
            'ref_table': 'viviendas',
          }),
          dict({
            'cardinality_hint': None,
            'columns': list([
              'comprador_id',
            ]),
            'deferrable': False,
            'nullable': False,
            'on_delete': None,
            'on_update': None,
            'ref_columns': list([
              'id',
            ]),
            'ref_table': 'clientes',
          }),
        ]),
        'kind': 'regular',
        'name': 'compraventas',
        'primary_key': list([
          'id',
        ]),
        'schema': None,
        'uniques': list([
        ]),
      }),
      dict({
        'checks': list([
        ]),
        'columns': list([
          dict({
            'checks': list([
            ]),
            'comment': None,
            'default': None,
            'enum_values': None,
            'generated': False,
            'name': 'id',
            'nullable': False,
            'type': dict({
              'autoincrement': True,
              'bits': 32,
              'kind': 'integer',
              'length': None,
              'precision': None,
              'scale': None,
              'with_timezone': None,
            }),
          }),
          dict({
            'checks': list([
            ]),
            'comment': None,
            'default': None,
            'enum_values': None,
            'generated': False,
            'name': 'compraventa_id',
            'nullable': False,
            'type': dict({
              'autoincrement': False,
              'bits': 32,
              'kind': 'integer',
              'length': None,
              'precision': None,
              'scale': None,
              'with_timezone': None,
            }),
          }),
          dict({
            'checks': list([
            ]),
            'comment': None,
            'default': None,
            'enum_values': None,
            'generated': False,
            'name': 'num_plazo',
            'nullable': False,
            'type': dict({
              'autoincrement': False,
              'bits': 32,
              'kind': 'integer',
              'length': None,
              'precision': None,
              'scale': None,
              'with_timezone': None,
            }),
          }),
          dict({
            'checks': list([
            ]),
            'comment': None,
            'default': None,
            'enum_values': None,
            'generated': False,
            'name': 'fecha',
            'nullable': False,
            'type': dict({
              'autoincrement': False,
              'bits': None,
              'kind': 'date',
              'length': None,
              'precision': None,
              'scale': None,
              'with_timezone': None,
            }),
          }),
          dict({
            'checks': list([
              dict({
                'ast_supported': False,
                'bounds_derived': None,
                'columns_involved': list([
                  'importe',
                ]),
                'sql_text': 'importe > 0',
              }),
            ]),
            'comment': None,
            'default': None,
            'enum_values': None,
            'generated': False,
            'name': 'importe',
            'nullable': False,
            'type': dict({
              'autoincrement': False,
              'bits': None,
              'kind': 'numeric',
              'length': None,
              'precision': 12,
              'scale': 2,
              'with_timezone': None,
            }),
          }),
        ]),
        'comment': None,
        'foreign_keys': list([
          dict({
            'cardinality_hint': None,
            'columns': list([
              'compraventa_id',
            ]),
            'deferrable': False,
            'nullable': False,
            'on_delete': None,
            'on_update': None,
            'ref_columns': list([
              'id',
            ]),
            'ref_table': 'compraventas',
          }),
        ]),
        'kind': 'regular',
        'name': 'pagos',
        'primary_key': list([
          'id',
        ]),
        'schema': None,
        'uniques': list([
          list([
            'compraventa_id',
            'num_plazo',
          ]),
        ]),
      }),
    ]),
    'warnings': list([
    ]),
  })
# ---
